// Jest Snapshot v1, https://goo.gl/fbAQLP

exports[`should render NotFoundPage correctly 1`] = `
<div
  className="box-layout box-layout--not-found"
>
  <div
    className="box-layout__box"
  >
    <h1
      className="box-layout__title"
    >
      Página não encontrada!
    </h1>
    <Link
      className="button"
      replace={false}
      to="/"
    >
      Voltar
    </Link>
  </div>
</div>
`;
